// Jest Snapshot v1, https://goo.gl/fbAQLP

exports[`Rockets component renders Rocket component 1`] = `
<div
  className="rocket-card"
>
  <img
    alt="rocket"
    className="rocket-img"
  />
  <div
    className="rocket-informations"
  >
    <h3
      className="rocket-name"
    />
    <p
      className="rocket-description"
    >
      Heloof
    </p>
    <button
      className="reserve-rocket btn btn-primary"
      disabled={false}
      onClick={[Function]}
      type="button"
    >
      Reserve Rocket
    </button>
  </div>
</div>
`;

exports[`Rockets component renders Rockets component 1`] = `
<h2>
  No Rockets exist
</h2>
`;
